
> sanemos-ai@0.1.0 build
> next build

Γû▓ Next.js 16.1.6 (Turbopack)
- Environments: .env.local

node.exe : ΓÜá The "middleware" file convention is 
deprecated. Please use "proxy" instead. Learn more: 
https://nextjs.org/docs/messages/middleware-to-proxy
At C:\Program Files\nodejs\npm.ps1:29 char:3
+   & $NODE_EXE $NPM_CLI_JS $args
+   ~~~~~~~~~~~~~~~~~~~~~~~~~~~~~
    + CategoryInfo          : NotSpecified: (ΓÜá The "middle. 
   ..leware-to-proxy:String) [], RemoteException
    + FullyQualifiedErrorId : NativeCommandError
 
  Creating an optimized production build ...

> Build error occurred
Error: Turbopack build failed with 1 errors:
./src/app/[locale]/companions/[id]/page.js:7:1
Module not found: Can't resolve './page.module.css'
[0m [90m  5 |[39m [36mimport[39m { getAgent } 
[36mfrom[39m [32m'@/lib/ai/agents'[39m[33m;[39m
 [90m  6 |[39m [36mimport[39m [33mImage[39m 
[36mfrom[39m [32m'next/image'[39m[33m;[39m
[31m[1m>[22m[39m[90m  7 |[39m [36mimport[39m styles 
[36mfrom[39m [32m'./page.module.css'[39m[33m;[39m
 [90m    |[39m [31m[1m^[22m[39m[31m[1m^[22m[39m[31m
[1m^[22m[39m[31m[1m^[22m[39m[31m[1m^[22m[39m[31m[
1m^[22m[39m[31m[1m^[22m[39m[31m[1m^[22m[39m[31m[1m
^[22m[39m[31m[1m^[22m[39m[31m[1m^[22m[39m[31m[1m^
[22m[39m[31m[1m^[22m[39m[31m[1m^[22m[39m[31m[1m^[2
2m[39m[31m[1m^[22m[39m[31m[1m^[22m[39m[31m[1m^[22m
[39m[31m[1m^[22m[39m[31m[1m^[22m[39m[31m[1m^[22m[
39m[31m[1m^[22m[39m[31m[1m^[22m[39m[31m[1m^[22m[39
m[31m[1m^[22m[39m[31m[1m^[22m[39m[31m[1m^[22m[39m
[31m[1m^[22m[39m[31m[1m^[22m[39m[31m[1m^[22m[39m[3
1m[1m^[22m[39m[31m[1m^[22m[39m[31m[1m^[22m[39m[31m
[1m^[22m[39m[31m[1m^[22m[39m[31m[1m^[22m[39m[31m[
1m^[22m[39m[31m[1m^[22m[39m[31m[1m^[22m[39m
 [90m  8 |[39m [36mimport[39m { createClient } 
[36mfrom[39m [32m'@/lib/supabase/client'[39m[33m;[39m
 [90m  9 |[39m
 [90m 10 |[39m [36mexport[39m [36mdefault[39m 
[36mfunction[39m [33mCompanionDetailPage[39m() {[0m



Import traces:
  Client Component Browser:
    ./src/app/[locale]/companions/[id]/page.js [Client 
Component Browser]
    ./src/app/[locale]/companions/[id]/page.js [Server 
Component]

  Client Component SSR:
    ./src/app/[locale]/companions/[id]/page.js [Client 
Component SSR]
    ./src/app/[locale]/companions/[id]/page.js [Server 
Component]

https://nextjs.org/docs/messages/module-not-found


    at <unknown> 
(./src/app/[locale]/companions/[id]/page.js:7:1)
    at <unknown> 
(https://nextjs.org/docs/messages/module-not-found)
